// Jest Snapshot v1, https://goo.gl/fbAQLP

exports[`Trabajando en el componente GifItem Debe de hacer match con el snapshot 1`] = `
<div>
  <div
    class="card"
  >
    <img
      alt="TEST TITLE"
      loading="lazy"
      src="http://localhost:8080/"
    />
    <p
      data-testid="title-test"
    >
      TEST TITLE
    </p>
  </div>
</div>
`;
