// Jest Snapshot v1, https://goo.gl/fbAQLP

exports[`Prueba en <FirstApp/> Debe hacer match con el snapshot 1`] = `
<div>
  <h1
    data-testid="test-title"
  >
     
    Hola , Soy Goku
     
  </h1>
  <p>
    No hay subtitulo
  </p>
  <p>
    No hay subtitulo
  </p>
  <p>
    Facundo Colavini
  </p>
</div>
`;
